2026-06-11 13:30:03 | INFO     | root                           | ======================================================================
2026-06-11 13:30:03 | INFO     | root                           | CSCN 8020 Assignment 1 — Execution Log
2026-06-11 13:30:03 | INFO     | root                           | Started at: 2026-06-11 13:30:03
2026-06-11 13:30:03 | INFO     | root                           | Log file  : logs/sample_execution.log
2026-06-11 13:30:03 | INFO     | root                           | ======================================================================
2026-06-11 13:30:03 | INFO     | src.environments               | GridWorldEnvironment initialised: 5x5, goal=(4, 4), grey=frozenset({(0, 4), (3, 0), (2, 2)})
2026-06-11 13:30:03 | INFO     | Assignment1                    | ============================================================
2026-06-11 13:30:03 | INFO     | Assignment1                    |   Problem 3 - Standard VI
2026-06-11 13:30:03 | INFO     | Assignment1                    | ============================================================
2026-06-11 13:30:03 | INFO     | src.agents                     | ValueIterationAgent created: gamma=0.900, theta=1.00e-06
2026-06-11 13:30:03 | INFO     | src.agents                     | ValueIterationAgent.train() started
2026-06-11 13:30:03 | DEBUG    | src.agents                     |   VI iter 1  delta=1.000000e+01
2026-06-11 13:30:03 | DEBUG    | src.agents                     |   VI iter 2  delta=9.000000e+00
2026-06-11 13:30:03 | DEBUG    | src.agents                     |   VI iter 3  delta=8.100000e+00
2026-06-11 13:30:03 | DEBUG    | src.agents                     |   VI iter 4  delta=7.290000e+00
2026-06-11 13:30:03 | DEBUG    | src.agents                     |   VI iter 5  delta=6.561000e+00
2026-06-11 13:30:03 | DEBUG    | src.agents                     |   VI iter 6  delta=5.904900e+00
2026-06-11 13:30:03 | DEBUG    | src.agents                     |   VI iter 7  delta=5.314410e+00
2026-06-11 13:30:03 | DEBUG    | src.agents                     |   VI iter 8  delta=4.782969e+00
2026-06-11 13:30:03 | DEBUG    | src.agents                     |   VI iter 9  delta=4.304672e+00
2026-06-11 13:30:03 | DEBUG    | src.agents                     |   VI iter 10  delta=0.000000e+00
2026-06-11 13:30:03 | INFO     | src.agents                     | ValueIterationAgent.train() done: iters=10, time=1.3836ms
2026-06-11 13:30:03 | INFO     | Assignment1                    | [Standard VI] Results:
2026-06-11 13:30:03 | INFO     | Assignment1                    |   iterations           = 10
2026-06-11 13:30:03 | INFO     | Assignment1                    |   avg_ms               = 1.383609
2026-06-11 13:30:03 | INFO     | Assignment1                    |   V_goal               = 10.000000
2026-06-11 13:30:03 | INFO     | src.environments               | GridWorldEnvironment initialised: 5x5, goal=(4, 4), grey=frozenset({(0, 4), (3, 0), (2, 2)})
2026-06-11 13:30:03 | INFO     | Assignment1                    | ============================================================
2026-06-11 13:30:03 | INFO     | Assignment1                    |   Problem 3 - In-Place VI
2026-06-11 13:30:03 | INFO     | Assignment1                    | ============================================================
2026-06-11 13:30:03 | INFO     | src.agents                     | ValueIterationAgent created: gamma=0.900, theta=1.00e-06
2026-06-11 13:30:03 | INFO     | src.agents                     | InPlaceValueIterationAgent.train() started
2026-06-11 13:30:03 | DEBUG    | src.agents                     |   In-Place VI iter 1  delta=1.000000e+01
2026-06-11 13:30:03 | DEBUG    | src.agents                     |   In-Place VI iter 2  delta=9.000000e+00
2026-06-11 13:30:03 | DEBUG    | src.agents                     |   In-Place VI iter 3  delta=8.100000e+00
2026-06-11 13:30:03 | DEBUG    | src.agents                     |   In-Place VI iter 4  delta=7.290000e+00
2026-06-11 13:30:03 | DEBUG    | src.agents                     |   In-Place VI iter 5  delta=6.561000e+00
2026-06-11 13:30:03 | DEBUG    | src.agents                     |   In-Place VI iter 6  delta=5.904900e+00
2026-06-11 13:30:03 | DEBUG    | src.agents                     |   In-Place VI iter 7  delta=5.314410e+00
2026-06-11 13:30:03 | DEBUG    | src.agents                     |   In-Place VI iter 8  delta=4.782969e+00
2026-06-11 13:30:03 | DEBUG    | src.agents                     |   In-Place VI iter 9  delta=4.304672e+00
2026-06-11 13:30:03 | DEBUG    | src.agents                     |   In-Place VI iter 10  delta=0.000000e+00
2026-06-11 13:30:03 | INFO     | src.agents                     | InPlaceValueIterationAgent.train() done: iters=10, time=1.4936ms
2026-06-11 13:30:03 | INFO     | Assignment1                    | [In-Place VI] Results:
2026-06-11 13:30:03 | INFO     | Assignment1                    |   iterations           = 10
2026-06-11 13:30:03 | INFO     | Assignment1                    |   avg_ms               = 1.493598
2026-06-11 13:30:03 | INFO     | src.environments               | GridWorldEnvironment initialised: 5x5, goal=(4, 4), grey=frozenset({(0, 4), (3, 0), (2, 2)})
2026-06-11 13:30:03 | INFO     | Assignment1                    | ============================================================
2026-06-11 13:30:03 | INFO     | Assignment1                    |   Problem 4 - MC Agent
2026-06-11 13:30:03 | INFO     | Assignment1                    | ============================================================
2026-06-11 13:30:03 | INFO     | src.agents                     | MonteCarloAgent created: gamma=0.900, episodes=5000, max_steps=200
2026-06-11 13:30:03 | INFO     | src.agents                     | MonteCarloAgent.train() started: 5000 episodes
2026-06-11 13:30:03 | DEBUG    | src.agents                     |   MC ep 0  MAE=9.9744
2026-06-11 13:30:03 | DEBUG    | src.agents                     |   MC ep 10  MAE=8.5752
2026-06-11 13:30:03 | DEBUG    | src.agents                     |   MC ep 20  MAE=8.2552
2026-06-11 13:30:03 | DEBUG    | src.agents                     |   MC ep 30  MAE=8.2552
2026-06-11 13:30:03 | DEBUG    | src.agents                     |   MC ep 40  MAE=7.6016
2026-06-11 13:30:03 | DEBUG    | src.agents                     |   MC ep 50  MAE=7.6016
2026-06-11 13:30:03 | DEBUG    | src.agents                     |   MC ep 60  MAE=7.4767
2026-06-11 13:30:03 | DEBUG    | src.agents                     |   MC ep 70  MAE=7.4767
2026-06-11 13:30:03 | DEBUG    | src.agents                     |   MC ep 80  MAE=7.4767
2026-06-11 13:30:03 | DEBUG    | src.agents                     |   MC ep 90  MAE=7.4767
2026-06-11 13:30:03 | DEBUG    | src.agents                     |   MC ep 100  MAE=7.2794
2026-06-11 13:30:03 | DEBUG    | src.agents                     |   MC ep 110  MAE=7.2794
2026-06-11 13:30:03 | DEBUG    | src.agents                     |   MC ep 120  MAE=7.2794
2026-06-11 13:30:03 | DEBUG    | src.agents                     |   MC ep 130  MAE=7.0962
2026-06-11 13:30:03 | DEBUG    | src.agents                     |   MC ep 140  MAE=7.0962
2026-06-11 13:30:03 | DEBUG    | src.agents                     |   MC ep 150  MAE=7.0962
2026-06-11 13:30:03 | DEBUG    | src.agents                     |   MC ep 160  MAE=7.0962
2026-06-11 13:30:03 | DEBUG    | src.agents                     |   MC ep 170  MAE=7.0962
2026-06-11 13:30:03 | DEBUG    | src.agents                     |   MC ep 180  MAE=7.0962
2026-06-11 13:30:03 | DEBUG    | src.agents                     |   MC ep 190  MAE=7.0962
2026-06-11 13:30:03 | DEBUG    | src.agents                     |   MC ep 200  MAE=7.0962
2026-06-11 13:30:03 | DEBUG    | src.agents                     |   MC ep 210  MAE=7.0962
2026-06-11 13:30:03 | DEBUG    | src.agents                     |   MC ep 220  MAE=7.0962
2026-06-11 13:30:03 | DEBUG    | src.agents                     |   MC ep 230  MAE=7.0962
2026-06-11 13:30:03 | DEBUG    | src.agents                     |   MC ep 240  MAE=7.0962
2026-06-11 13:30:03 | DEBUG    | src.agents                     |   MC ep 250  MAE=6.9130
2026-06-11 13:30:03 | DEBUG    | src.agents                     |   MC ep 260  MAE=6.7636
2026-06-11 13:30:03 | DEBUG    | src.agents                     |   MC ep 270  MAE=6.7636
2026-06-11 13:30:03 | DEBUG    | src.agents                     |   MC ep 280  MAE=6.7636
2026-06-11 13:30:03 | DEBUG    | src.agents                     |   MC ep 290  MAE=6.7633
2026-06-11 13:30:03 | DEBUG    | src.agents                     |   MC ep 300  MAE=6.7651
2026-06-11 13:30:03 | DEBUG    | src.agents                     |   MC ep 310  MAE=6.7651
2026-06-11 13:30:03 | DEBUG    | src.agents                     |   MC ep 320  MAE=6.7649
2026-06-11 13:30:03 | DEBUG    | src.agents                     |   MC ep 330  MAE=6.7649
2026-06-11 13:30:03 | DEBUG    | src.agents                     |   MC ep 340  MAE=6.7649
2026-06-11 13:30:03 | DEBUG    | src.agents                     |   MC ep 350  MAE=6.7648
2026-06-11 13:30:03 | DEBUG    | src.agents                     |   MC ep 360  MAE=6.7701
2026-06-11 13:30:03 | DEBUG    | src.agents                     |   MC ep 370  MAE=6.7700
2026-06-11 13:30:03 | DEBUG    | src.agents                     |   MC ep 380  MAE=6.7699
2026-06-11 13:30:03 | DEBUG    | src.agents                     |   MC ep 390  MAE=6.7699
2026-06-11 13:30:03 | DEBUG    | src.agents                     |   MC ep 400  MAE=6.7694
2026-06-11 13:30:03 | DEBUG    | src.agents                     |   MC ep 410  MAE=6.7694
2026-06-11 13:30:03 | DEBUG    | src.agents                     |   MC ep 420  MAE=6.7693
2026-06-11 13:30:03 | DEBUG    | src.agents                     |   MC ep 430  MAE=6.7695
2026-06-11 13:30:03 | DEBUG    | src.agents                     |   MC ep 440  MAE=6.7694
2026-06-11 13:30:03 | DEBUG    | src.agents                     |   MC ep 450  MAE=6.7691
2026-06-11 13:30:03 | DEBUG    | src.agents                     |   MC ep 460  MAE=6.7689
2026-06-11 13:30:03 | DEBUG    | src.agents                     |   MC ep 470  MAE=6.7688
2026-06-11 13:30:03 | DEBUG    | src.agents                     |   MC ep 480  MAE=6.7687
2026-06-11 13:30:03 | DEBUG    | src.agents                     |   MC ep 490  MAE=6.7690
2026-06-11 13:30:03 | DEBUG    | src.agents                     |   MC ep 500  MAE=6.7688
2026-06-11 13:30:03 | DEBUG    | src.agents                     |   MC ep 510  MAE=6.7687
2026-06-11 13:30:03 | DEBUG    | src.agents                     |   MC ep 520  MAE=6.7714
2026-06-11 13:30:03 | DEBUG    | src.agents                     |   MC ep 530  MAE=6.7713
2026-06-11 13:30:03 | DEBUG    | src.agents                     |   MC ep 540  MAE=6.7709
2026-06-11 13:30:03 | DEBUG    | src.agents                     |   MC ep 550  MAE=6.7707
2026-06-11 13:30:03 | DEBUG    | src.agents                     |   MC ep 560  MAE=6.7716
2026-06-11 13:30:03 | DEBUG    | src.agents                     |   MC ep 570  MAE=6.7713
2026-06-11 13:30:03 | DEBUG    | src.agents                     |   MC ep 580  MAE=6.7712
2026-06-11 13:30:03 | DEBUG    | src.agents                     |   MC ep 590  MAE=6.7885
2026-06-11 13:30:03 | DEBUG    | src.agents                     |   MC ep 600  MAE=6.7910
2026-06-11 13:30:03 | DEBUG    | src.agents                     |   MC ep 610  MAE=6.7909
2026-06-11 13:30:03 | DEBUG    | src.agents                     |   MC ep 620  MAE=6.7907
2026-06-11 13:30:03 | DEBUG    | src.agents                     |   MC ep 630  MAE=6.7904
2026-06-11 13:30:03 | DEBUG    | src.agents                     |   MC ep 640  MAE=6.7904
2026-06-11 13:30:03 | DEBUG    | src.agents                     |   MC ep 650  MAE=6.7911
2026-06-11 13:30:03 | DEBUG    | src.agents                     |   MC ep 660  MAE=6.7911
2026-06-11 13:30:03 | DEBUG    | src.agents                     |   MC ep 670  MAE=6.7910
2026-06-11 13:30:03 | DEBUG    | src.agents                     |   MC ep 680  MAE=6.7909
2026-06-11 13:30:03 | DEBUG    | src.agents                     |   MC ep 690  MAE=6.7908
2026-06-11 13:30:03 | DEBUG    | src.agents                     |   MC ep 700  MAE=6.7905
2026-06-11 13:30:03 | DEBUG    | src.agents                     |   MC ep 710  MAE=6.7908
2026-06-11 13:30:03 | DEBUG    | src.agents                     |   MC ep 720  MAE=6.7905
2026-06-11 13:30:03 | DEBUG    | src.agents                     |   MC ep 730  MAE=6.7905
2026-06-11 13:30:03 | DEBUG    | src.agents                     |   MC ep 740  MAE=6.7904
2026-06-11 13:30:03 | DEBUG    | src.agents                     |   MC ep 750  MAE=6.7903
2026-06-11 13:30:03 | DEBUG    | src.agents                     |   MC ep 760  MAE=6.7903
2026-06-11 13:30:03 | DEBUG    | src.agents                     |   MC ep 770  MAE=6.7902
2026-06-11 13:30:03 | DEBUG    | src.agents                     |   MC ep 780  MAE=6.7899
2026-06-11 13:30:03 | DEBUG    | src.agents                     |   MC ep 790  MAE=6.7898
2026-06-11 13:30:03 | DEBUG    | src.agents                     |   MC ep 800  MAE=6.7898
2026-06-11 13:30:03 | DEBUG    | src.agents                     |   MC ep 810  MAE=6.7934
2026-06-11 13:30:03 | DEBUG    | src.agents                     |   MC ep 820  MAE=6.7932
2026-06-11 13:30:03 | DEBUG    | src.agents                     |   MC ep 830  MAE=6.7931
2026-06-11 13:30:03 | DEBUG    | src.agents                     |   MC ep 840  MAE=6.7929
2026-06-11 13:30:03 | DEBUG    | src.agents                     |   MC ep 850  MAE=6.7929
2026-06-11 13:30:03 | DEBUG    | src.agents                     |   MC ep 860  MAE=6.7930
2026-06-11 13:30:03 | DEBUG    | src.agents                     |   MC ep 870  MAE=6.7929
2026-06-11 13:30:03 | DEBUG    | src.agents                     |   MC ep 880  MAE=6.7929
2026-06-11 13:30:03 | DEBUG    | src.agents                     |   MC ep 890  MAE=6.7927
2026-06-11 13:30:03 | DEBUG    | src.agents                     |   MC ep 900  MAE=6.7927
2026-06-11 13:30:03 | DEBUG    | src.agents                     |   MC ep 910  MAE=6.7926
2026-06-11 13:30:03 | DEBUG    | src.agents                     |   MC ep 920  MAE=6.7921
2026-06-11 13:30:03 | DEBUG    | src.agents                     |   MC ep 930  MAE=6.7921
2026-06-11 13:30:03 | DEBUG    | src.agents                     |   MC ep 940  MAE=6.7920
2026-06-11 13:30:03 | DEBUG    | src.agents                     |   MC ep 950  MAE=6.7920
2026-06-11 13:30:03 | DEBUG    | src.agents                     |   MC ep 960  MAE=6.7919
2026-06-11 13:30:03 | DEBUG    | src.agents                     |   MC ep 970  MAE=6.7918
2026-06-11 13:30:03 | DEBUG    | src.agents                     |   MC ep 980  MAE=6.7916
2026-06-11 13:30:03 | DEBUG    | src.agents                     |   MC ep 990  MAE=6.7916
2026-06-11 13:30:03 | DEBUG    | src.agents                     |   MC ep 1000  MAE=6.7916
2026-06-11 13:30:03 | DEBUG    | src.agents                     |   MC ep 1010  MAE=6.7914
2026-06-11 13:30:03 | DEBUG    | src.agents                     |   MC ep 1020  MAE=6.7913
2026-06-11 13:30:03 | DEBUG    | src.agents                     |   MC ep 1030  MAE=6.7911
2026-06-11 13:30:03 | DEBUG    | src.agents                     |   MC ep 1040  MAE=6.7916
2026-06-11 13:30:03 | DEBUG    | src.agents                     |   MC ep 1050  MAE=6.7914
2026-06-11 13:30:03 | DEBUG    | src.agents                     |   MC ep 1060  MAE=6.7914
2026-06-11 13:30:03 | DEBUG    | src.agents                     |   MC ep 1070  MAE=6.7913
2026-06-11 13:30:03 | DEBUG    | src.agents                     |   MC ep 1080  MAE=6.7914
2026-06-11 13:30:03 | DEBUG    | src.agents                     |   MC ep 1090  MAE=6.7912
2026-06-11 13:30:03 | DEBUG    | src.agents                     |   MC ep 1100  MAE=6.7911
2026-06-11 13:30:03 | DEBUG    | src.agents                     |   MC ep 1110  MAE=6.7913
2026-06-11 13:30:03 | DEBUG    | src.agents                     |   MC ep 1120  MAE=6.7930
2026-06-11 13:30:03 | DEBUG    | src.agents                     |   MC ep 1130  MAE=6.7927
2026-06-11 13:30:03 | DEBUG    | src.agents                     |   MC ep 1140  MAE=6.7927
2026-06-11 13:30:03 | DEBUG    | src.agents                     |   MC ep 1150  MAE=6.7926
2026-06-11 13:30:03 | DEBUG    | src.agents                     |   MC ep 1160  MAE=6.7930
2026-06-11 13:30:03 | DEBUG    | src.agents                     |   MC ep 1170  MAE=6.7927
2026-06-11 13:30:03 | DEBUG    | src.agents                     |   MC ep 1180  MAE=6.7926
2026-06-11 13:30:03 | DEBUG    | src.agents                     |   MC ep 1190  MAE=6.7926
2026-06-11 13:30:03 | DEBUG    | src.agents                     |   MC ep 1200  MAE=6.7922
2026-06-11 13:30:03 | DEBUG    | src.agents                     |   MC ep 1210  MAE=6.7922
2026-06-11 13:30:03 | DEBUG    | src.agents                     |   MC ep 1220  MAE=6.7921
2026-06-11 13:30:03 | DEBUG    | src.agents                     |   MC ep 1230  MAE=6.7918
2026-06-11 13:30:03 | DEBUG    | src.agents                     |   MC ep 1240  MAE=6.7916
2026-06-11 13:30:03 | DEBUG    | src.agents                     |   MC ep 1250  MAE=6.7915
2026-06-11 13:30:03 | DEBUG    | src.agents                     |   MC ep 1260  MAE=6.7913
2026-06-11 13:30:03 | DEBUG    | src.agents                     |   MC ep 1270  MAE=6.7913
2026-06-11 13:30:03 | DEBUG    | src.agents                     |   MC ep 1280  MAE=6.7912
2026-06-11 13:30:03 | DEBUG    | src.agents                     |   MC ep 1290  MAE=6.7913
2026-06-11 13:30:03 | DEBUG    | src.agents                     |   MC ep 1300  MAE=6.7911
2026-06-11 13:30:03 | DEBUG    | src.agents                     |   MC ep 1310  MAE=6.7911
2026-06-11 13:30:03 | DEBUG    | src.agents                     |   MC ep 1320  MAE=6.7912
2026-06-11 13:30:03 | DEBUG    | src.agents                     |   MC ep 1330  MAE=6.7912
2026-06-11 13:30:03 | DEBUG    | src.agents                     |   MC ep 1340  MAE=6.7912
2026-06-11 13:30:03 | DEBUG    | src.agents                     |   MC ep 1350  MAE=6.7910
2026-06-11 13:30:03 | DEBUG    | src.agents                     |   MC ep 1360  MAE=6.7909
2026-06-11 13:30:03 | DEBUG    | src.agents                     |   MC ep 1370  MAE=6.7910
2026-06-11 13:30:03 | DEBUG    | src.agents                     |   MC ep 1380  MAE=6.7910
2026-06-11 13:30:03 | DEBUG    | src.agents                     |   MC ep 1390  MAE=6.7908
2026-06-11 13:30:03 | DEBUG    | src.agents                     |   MC ep 1400  MAE=6.7907
2026-06-11 13:30:03 | DEBUG    | src.agents                     |   MC ep 1410  MAE=6.7907
2026-06-11 13:30:03 | DEBUG    | src.agents                     |   MC ep 1420  MAE=6.7018
2026-06-11 13:30:03 | DEBUG    | src.agents                     |   MC ep 1430  MAE=6.7018
2026-06-11 13:30:03 | DEBUG    | src.agents                     |   MC ep 1440  MAE=6.7017
2026-06-11 13:30:03 | DEBUG    | src.agents                     |   MC ep 1450  MAE=6.7017
2026-06-11 13:30:03 | DEBUG    | src.agents                     |   MC ep 1460  MAE=6.7017
2026-06-11 13:30:03 | DEBUG    | src.agents                     |   MC ep 1470  MAE=6.7016
2026-06-11 13:30:03 | DEBUG    | src.agents                     |   MC ep 1480  MAE=6.7016
2026-06-11 13:30:03 | DEBUG    | src.agents                     |   MC ep 1490  MAE=6.7015
2026-06-11 13:30:03 | DEBUG    | src.agents                     |   MC ep 1500  MAE=6.7015
2026-06-11 13:30:03 | DEBUG    | src.agents                     |   MC ep 1510  MAE=6.7418
2026-06-11 13:30:03 | DEBUG    | src.agents                     |   MC ep 1520  MAE=6.7418
2026-06-11 13:30:03 | DEBUG    | src.agents                     |   MC ep 1530  MAE=6.7417
2026-06-11 13:30:03 | DEBUG    | src.agents                     |   MC ep 1540  MAE=6.7415
2026-06-11 13:30:03 | DEBUG    | src.agents                     |   MC ep 1550  MAE=6.7415
2026-06-11 13:30:03 | DEBUG    | src.agents                     |   MC ep 1560  MAE=6.7415
2026-06-11 13:30:03 | DEBUG    | src.agents                     |   MC ep 1570  MAE=6.7415
2026-06-11 13:30:03 | DEBUG    | src.agents                     |   MC ep 1580  MAE=6.7413
2026-06-11 13:30:03 | DEBUG    | src.agents                     |   MC ep 1590  MAE=6.7413
2026-06-11 13:30:03 | DEBUG    | src.agents                     |   MC ep 1600  MAE=6.7412
2026-06-11 13:30:03 | DEBUG    | src.agents                     |   MC ep 1610  MAE=6.7412
2026-06-11 13:30:03 | DEBUG    | src.agents                     |   MC ep 1620  MAE=6.7412
2026-06-11 13:30:03 | DEBUG    | src.agents                     |   MC ep 1630  MAE=6.7411
2026-06-11 13:30:03 | DEBUG    | src.agents                     |   MC ep 1640  MAE=6.7409
2026-06-11 13:30:03 | DEBUG    | src.agents                     |   MC ep 1650  MAE=6.7409
2026-06-11 13:30:03 | DEBUG    | src.agents                     |   MC ep 1660  MAE=6.7411
2026-06-11 13:30:03 | DEBUG    | src.agents                     |   MC ep 1670  MAE=6.7181
2026-06-11 13:30:03 | DEBUG    | src.agents                     |   MC ep 1680  MAE=6.7180
2026-06-11 13:30:03 | DEBUG    | src.agents                     |   MC ep 1690  MAE=6.7179
2026-06-11 13:30:03 | DEBUG    | src.agents                     |   MC ep 1700  MAE=6.7179
2026-06-11 13:30:03 | DEBUG    | src.agents                     |   MC ep 1710  MAE=6.7181
2026-06-11 13:30:03 | DEBUG    | src.agents                     |   MC ep 1720  MAE=6.7181
2026-06-11 13:30:03 | DEBUG    | src.agents                     |   MC ep 1730  MAE=6.7180
2026-06-11 13:30:03 | DEBUG    | src.agents                     |   MC ep 1740  MAE=6.7180
2026-06-11 13:30:03 | DEBUG    | src.agents                     |   MC ep 1750  MAE=6.7178
2026-06-11 13:30:03 | DEBUG    | src.agents                     |   MC ep 1760  MAE=6.7178
2026-06-11 13:30:03 | DEBUG    | src.agents                     |   MC ep 1770  MAE=6.7178
2026-06-11 13:30:03 | DEBUG    | src.agents                     |   MC ep 1780  MAE=6.7176
2026-06-11 13:30:03 | DEBUG    | src.agents                     |   MC ep 1790  MAE=6.7176
2026-06-11 13:30:03 | DEBUG    | src.agents                     |   MC ep 1800  MAE=6.7178
2026-06-11 13:30:03 | DEBUG    | src.agents                     |   MC ep 1810  MAE=6.7177
2026-06-11 13:30:03 | DEBUG    | src.agents                     |   MC ep 1820  MAE=6.7177
2026-06-11 13:30:03 | DEBUG    | src.agents                     |   MC ep 1830  MAE=6.7176
2026-06-11 13:30:03 | DEBUG    | src.agents                     |   MC ep 1840  MAE=6.7175
2026-06-11 13:30:03 | DEBUG    | src.agents                     |   MC ep 1850  MAE=6.7175
2026-06-11 13:30:03 | DEBUG    | src.agents                     |   MC ep 1860  MAE=6.7174
2026-06-11 13:30:03 | DEBUG    | src.agents                     |   MC ep 1870  MAE=6.7173
2026-06-11 13:30:03 | DEBUG    | src.agents                     |   MC ep 1880  MAE=6.7173
2026-06-11 13:30:03 | DEBUG    | src.agents                     |   MC ep 1890  MAE=6.7173
2026-06-11 13:30:03 | DEBUG    | src.agents                     |   MC ep 1900  MAE=6.7172
2026-06-11 13:30:03 | DEBUG    | src.agents                     |   MC ep 1910  MAE=6.7172
2026-06-11 13:30:03 | DEBUG    | src.agents                     |   MC ep 1920  MAE=6.7171
2026-06-11 13:30:03 | DEBUG    | src.agents                     |   MC ep 1930  MAE=6.7171
2026-06-11 13:30:03 | DEBUG    | src.agents                     |   MC ep 1940  MAE=6.7171
2026-06-11 13:30:03 | DEBUG    | src.agents                     |   MC ep 1950  MAE=6.7171
2026-06-11 13:30:03 | DEBUG    | src.agents                     |   MC ep 1960  MAE=6.7170
2026-06-11 13:30:03 | DEBUG    | src.agents                     |   MC ep 1970  MAE=6.7170
2026-06-11 13:30:03 | DEBUG    | src.agents                     |   MC ep 1980  MAE=6.7170
2026-06-11 13:30:03 | DEBUG    | src.agents                     |   MC ep 1990  MAE=6.7170
2026-06-11 13:30:03 | DEBUG    | src.agents                     |   MC ep 2000  MAE=6.7170
2026-06-11 13:30:03 | DEBUG    | src.agents                     |   MC ep 2010  MAE=6.7170
2026-06-11 13:30:03 | DEBUG    | src.agents                     |   MC ep 2020  MAE=6.7170
2026-06-11 13:30:03 | DEBUG    | src.agents                     |   MC ep 2030  MAE=6.7169
2026-06-11 13:30:03 | DEBUG    | src.agents                     |   MC ep 2040  MAE=6.7169
2026-06-11 13:30:03 | DEBUG    | src.agents                     |   MC ep 2050  MAE=6.7169
2026-06-11 13:30:03 | DEBUG    | src.agents                     |   MC ep 2060  MAE=6.7168
2026-06-11 13:30:03 | DEBUG    | src.agents                     |   MC ep 2070  MAE=6.7170
2026-06-11 13:30:03 | DEBUG    | src.agents                     |   MC ep 2080  MAE=6.7169
2026-06-11 13:30:03 | DEBUG    | src.agents                     |   MC ep 2090  MAE=6.7170
2026-06-11 13:30:04 | DEBUG    | src.agents                     |   MC ep 2100  MAE=6.7173
2026-06-11 13:30:04 | DEBUG    | src.agents                     |   MC ep 2110  MAE=6.7173
2026-06-11 13:30:04 | DEBUG    | src.agents                     |   MC ep 2120  MAE=6.7172
2026-06-11 13:30:04 | DEBUG    | src.agents                     |   MC ep 2130  MAE=6.7172
2026-06-11 13:30:04 | DEBUG    | src.agents                     |   MC ep 2140  MAE=6.7172
2026-06-11 13:30:04 | DEBUG    | src.agents                     |   MC ep 2150  MAE=6.7170
2026-06-11 13:30:04 | DEBUG    | src.agents                     |   MC ep 2160  MAE=6.7170
2026-06-11 13:30:04 | DEBUG    | src.agents                     |   MC ep 2170  MAE=6.7170
2026-06-11 13:30:04 | DEBUG    | src.agents                     |   MC ep 2180  MAE=6.7170
2026-06-11 13:30:04 | DEBUG    | src.agents                     |   MC ep 2190  MAE=6.7168
2026-06-11 13:30:04 | DEBUG    | src.agents                     |   MC ep 2200  MAE=6.7174
2026-06-11 13:30:04 | DEBUG    | src.agents                     |   MC ep 2210  MAE=6.7174
2026-06-11 13:30:04 | DEBUG    | src.agents                     |   MC ep 2220  MAE=6.7174
2026-06-11 13:30:04 | DEBUG    | src.agents                     |   MC ep 2230  MAE=6.7174
2026-06-11 13:30:04 | DEBUG    | src.agents                     |   MC ep 2240  MAE=6.7173
2026-06-11 13:30:04 | DEBUG    | src.agents                     |   MC ep 2250  MAE=6.7173
2026-06-11 13:30:04 | DEBUG    | src.agents                     |   MC ep 2260  MAE=6.7173
2026-06-11 13:30:04 | DEBUG    | src.agents                     |   MC ep 2270  MAE=6.7173
2026-06-11 13:30:04 | DEBUG    | src.agents                     |   MC ep 2280  MAE=6.7173
2026-06-11 13:30:04 | DEBUG    | src.agents                     |   MC ep 2290  MAE=6.7173
2026-06-11 13:30:04 | DEBUG    | src.agents                     |   MC ep 2300  MAE=6.7172
2026-06-11 13:30:04 | DEBUG    | src.agents                     |   MC ep 2310  MAE=6.7172
2026-06-11 13:30:04 | DEBUG    | src.agents                     |   MC ep 2320  MAE=6.7172
2026-06-11 13:30:04 | DEBUG    | src.agents                     |   MC ep 2330  MAE=6.7172
2026-06-11 13:30:04 | DEBUG    | src.agents                     |   MC ep 2340  MAE=6.7172
2026-06-11 13:30:04 | DEBUG    | src.agents                     |   MC ep 2350  MAE=6.7171
2026-06-11 13:30:04 | DEBUG    | src.agents                     |   MC ep 2360  MAE=6.7171
2026-06-11 13:30:04 | DEBUG    | src.agents                     |   MC ep 2370  MAE=6.7172
2026-06-11 13:30:04 | DEBUG    | src.agents                     |   MC ep 2380  MAE=6.7172
2026-06-11 13:30:04 | DEBUG    | src.agents                     |   MC ep 2390  MAE=6.7172
2026-06-11 13:30:04 | DEBUG    | src.agents                     |   MC ep 2400  MAE=6.7171
2026-06-11 13:30:04 | DEBUG    | src.agents                     |   MC ep 2410  MAE=6.7171
2026-06-11 13:30:04 | DEBUG    | src.agents                     |   MC ep 2420  MAE=6.7171
2026-06-11 13:30:04 | DEBUG    | src.agents                     |   MC ep 2430  MAE=6.7171
2026-06-11 13:30:04 | DEBUG    | src.agents                     |   MC ep 2440  MAE=6.7171
2026-06-11 13:30:04 | DEBUG    | src.agents                     |   MC ep 2450  MAE=6.7171
2026-06-11 13:30:04 | DEBUG    | src.agents                     |   MC ep 2460  MAE=6.7171
2026-06-11 13:30:04 | DEBUG    | src.agents                     |   MC ep 2470  MAE=6.7170
2026-06-11 13:30:04 | DEBUG    | src.agents                     |   MC ep 2480  MAE=6.7170
2026-06-11 13:30:04 | DEBUG    | src.agents                     |   MC ep 2490  MAE=6.7170
2026-06-11 13:30:04 | DEBUG    | src.agents                     |   MC ep 2500  MAE=6.7171
2026-06-11 13:30:04 | DEBUG    | src.agents                     |   MC ep 2510  MAE=6.7170
2026-06-11 13:30:04 | DEBUG    | src.agents                     |   MC ep 2520  MAE=6.7170
2026-06-11 13:30:04 | DEBUG    | src.agents                     |   MC ep 2530  MAE=6.7170
2026-06-11 13:30:04 | DEBUG    | src.agents                     |   MC ep 2540  MAE=6.7170
2026-06-11 13:30:04 | DEBUG    | src.agents                     |   MC ep 2550  MAE=6.7170
2026-06-11 13:30:04 | DEBUG    | src.agents                     |   MC ep 2560  MAE=6.7170
2026-06-11 13:30:04 | DEBUG    | src.agents                     |   MC ep 2570  MAE=6.7169
2026-06-11 13:30:04 | DEBUG    | src.agents                     |   MC ep 2580  MAE=6.7169
2026-06-11 13:30:04 | DEBUG    | src.agents                     |   MC ep 2590  MAE=6.7169
2026-06-11 13:30:04 | DEBUG    | src.agents                     |   MC ep 2600  MAE=6.7169
2026-06-11 13:30:04 | DEBUG    | src.agents                     |   MC ep 2610  MAE=6.7168
2026-06-11 13:30:04 | DEBUG    | src.agents                     |   MC ep 2620  MAE=6.7168
2026-06-11 13:30:04 | DEBUG    | src.agents                     |   MC ep 2630  MAE=6.7168
2026-06-11 13:30:04 | DEBUG    | src.agents                     |   MC ep 2640  MAE=6.7167
2026-06-11 13:30:04 | DEBUG    | src.agents                     |   MC ep 2650  MAE=6.7167
2026-06-11 13:30:04 | DEBUG    | src.agents                     |   MC ep 2660  MAE=6.7167
2026-06-11 13:30:04 | DEBUG    | src.agents                     |   MC ep 2670  MAE=6.7167
2026-06-11 13:30:04 | DEBUG    | src.agents                     |   MC ep 2680  MAE=6.7168
2026-06-11 13:30:04 | DEBUG    | src.agents                     |   MC ep 2690  MAE=6.7171
2026-06-11 13:30:04 | DEBUG    | src.agents                     |   MC ep 2700  MAE=6.7171
2026-06-11 13:30:04 | DEBUG    | src.agents                     |   MC ep 2710  MAE=6.7170
2026-06-11 13:30:04 | DEBUG    | src.agents                     |   MC ep 2720  MAE=6.7170
2026-06-11 13:30:04 | DEBUG    | src.agents                     |   MC ep 2730  MAE=6.7169
2026-06-11 13:30:04 | DEBUG    | src.agents                     |   MC ep 2740  MAE=6.7169
2026-06-11 13:30:04 | DEBUG    | src.agents                     |   MC ep 2750  MAE=6.7168
2026-06-11 13:30:04 | DEBUG    | src.agents                     |   MC ep 2760  MAE=6.7168
2026-06-11 13:30:04 | DEBUG    | src.agents                     |   MC ep 2770  MAE=6.7168
2026-06-11 13:30:04 | DEBUG    | src.agents                     |   MC ep 2780  MAE=6.7168
2026-06-11 13:30:04 | DEBUG    | src.agents                     |   MC ep 2790  MAE=6.7168
2026-06-11 13:30:04 | DEBUG    | src.agents                     |   MC ep 2800  MAE=6.7168
2026-06-11 13:30:04 | DEBUG    | src.agents                     |   MC ep 2810  MAE=6.7167
2026-06-11 13:30:04 | DEBUG    | src.agents                     |   MC ep 2820  MAE=6.7167
2026-06-11 13:30:04 | DEBUG    | src.agents                     |   MC ep 2830  MAE=6.7166
2026-06-11 13:30:04 | DEBUG    | src.agents                     |   MC ep 2840  MAE=6.7166
2026-06-11 13:30:04 | DEBUG    | src.agents                     |   MC ep 2850  MAE=6.7166
2026-06-11 13:30:04 | DEBUG    | src.agents                     |   MC ep 2860  MAE=6.7169
2026-06-11 13:30:04 | DEBUG    | src.agents                     |   MC ep 2870  MAE=6.7169
2026-06-11 13:30:04 | DEBUG    | src.agents                     |   MC ep 2880  MAE=6.7168
2026-06-11 13:30:04 | DEBUG    | src.agents                     |   MC ep 2890  MAE=6.7168
2026-06-11 13:30:04 | DEBUG    | src.agents                     |   MC ep 2900  MAE=6.7168
2026-06-11 13:30:04 | DEBUG    | src.agents                     |   MC ep 2910  MAE=6.7168
2026-06-11 13:30:04 | DEBUG    | src.agents                     |   MC ep 2920  MAE=6.7167
2026-06-11 13:30:04 | DEBUG    | src.agents                     |   MC ep 2930  MAE=6.7167
2026-06-11 13:30:04 | DEBUG    | src.agents                     |   MC ep 2940  MAE=6.7167
2026-06-11 13:30:04 | DEBUG    | src.agents                     |   MC ep 2950  MAE=6.7168
2026-06-11 13:30:04 | DEBUG    | src.agents                     |   MC ep 2960  MAE=6.7168
2026-06-11 13:30:04 | DEBUG    | src.agents                     |   MC ep 2970  MAE=6.7168
2026-06-11 13:30:04 | DEBUG    | src.agents                     |   MC ep 2980  MAE=6.7169
2026-06-11 13:30:04 | DEBUG    | src.agents                     |   MC ep 2990  MAE=6.7165
2026-06-11 13:30:04 | DEBUG    | src.agents                     |   MC ep 3000  MAE=6.7165
2026-06-11 13:30:04 | DEBUG    | src.agents                     |   MC ep 3010  MAE=6.7165
2026-06-11 13:30:04 | DEBUG    | src.agents                     |   MC ep 3020  MAE=6.7165
2026-06-11 13:30:04 | DEBUG    | src.agents                     |   MC ep 3030  MAE=6.7165
2026-06-11 13:30:04 | DEBUG    | src.agents                     |   MC ep 3040  MAE=6.7165
2026-06-11 13:30:04 | DEBUG    | src.agents                     |   MC ep 3050  MAE=6.7165
2026-06-11 13:30:04 | DEBUG    | src.agents                     |   MC ep 3060  MAE=6.7164
2026-06-11 13:30:04 | DEBUG    | src.agents                     |   MC ep 3070  MAE=6.7164
2026-06-11 13:30:04 | DEBUG    | src.agents                     |   MC ep 3080  MAE=6.7164
2026-06-11 13:30:04 | DEBUG    | src.agents                     |   MC ep 3090  MAE=6.7164
2026-06-11 13:30:04 | DEBUG    | src.agents                     |   MC ep 3100  MAE=6.7164
2026-06-11 13:30:04 | DEBUG    | src.agents                     |   MC ep 3110  MAE=6.7164
2026-06-11 13:30:04 | DEBUG    | src.agents                     |   MC ep 3120  MAE=6.7163
2026-06-11 13:30:04 | DEBUG    | src.agents                     |   MC ep 3130  MAE=6.7165
2026-06-11 13:30:04 | DEBUG    | src.agents                     |   MC ep 3140  MAE=6.7165
2026-06-11 13:30:04 | DEBUG    | src.agents                     |   MC ep 3150  MAE=6.7165
2026-06-11 13:30:04 | DEBUG    | src.agents                     |   MC ep 3160  MAE=6.7165
2026-06-11 13:30:04 | DEBUG    | src.agents                     |   MC ep 3170  MAE=6.7165
2026-06-11 13:30:04 | DEBUG    | src.agents                     |   MC ep 3180  MAE=6.7165
2026-06-11 13:30:04 | DEBUG    | src.agents                     |   MC ep 3190  MAE=6.7165
2026-06-11 13:30:04 | DEBUG    | src.agents                     |   MC ep 3200  MAE=6.7164
2026-06-11 13:30:04 | DEBUG    | src.agents                     |   MC ep 3210  MAE=6.7164
2026-06-11 13:30:04 | DEBUG    | src.agents                     |   MC ep 3220  MAE=6.7164
2026-06-11 13:30:04 | DEBUG    | src.agents                     |   MC ep 3230  MAE=6.7164
2026-06-11 13:30:04 | DEBUG    | src.agents                     |   MC ep 3240  MAE=6.7164
2026-06-11 13:30:04 | DEBUG    | src.agents                     |   MC ep 3250  MAE=6.7164
2026-06-11 13:30:04 | DEBUG    | src.agents                     |   MC ep 3260  MAE=6.7164
2026-06-11 13:30:04 | DEBUG    | src.agents                     |   MC ep 3270  MAE=6.7164
2026-06-11 13:30:04 | DEBUG    | src.agents                     |   MC ep 3280  MAE=6.7164
2026-06-11 13:30:04 | DEBUG    | src.agents                     |   MC ep 3290  MAE=6.7164
2026-06-11 13:30:04 | DEBUG    | src.agents                     |   MC ep 3300  MAE=6.7164
2026-06-11 13:30:04 | DEBUG    | src.agents                     |   MC ep 3310  MAE=6.7165
2026-06-11 13:30:04 | DEBUG    | src.agents                     |   MC ep 3320  MAE=6.7165
2026-06-11 13:30:04 | DEBUG    | src.agents                     |   MC ep 3330  MAE=6.7165
2026-06-11 13:30:04 | DEBUG    | src.agents                     |   MC ep 3340  MAE=6.7164
2026-06-11 13:30:04 | DEBUG    | src.agents                     |   MC ep 3350  MAE=6.7164
2026-06-11 13:30:04 | DEBUG    | src.agents                     |   MC ep 3360  MAE=6.7164
2026-06-11 13:30:04 | DEBUG    | src.agents                     |   MC ep 3370  MAE=6.7164
2026-06-11 13:30:04 | DEBUG    | src.agents                     |   MC ep 3380  MAE=6.7163
2026-06-11 13:30:04 | DEBUG    | src.agents                     |   MC ep 3390  MAE=6.7163
2026-06-11 13:30:04 | DEBUG    | src.agents                     |   MC ep 3400  MAE=6.7167
2026-06-11 13:30:04 | DEBUG    | src.agents                     |   MC ep 3410  MAE=6.7167
2026-06-11 13:30:04 | DEBUG    | src.agents                     |   MC ep 3420  MAE=6.7167
2026-06-11 13:30:04 | DEBUG    | src.agents                     |   MC ep 3430  MAE=6.7167
2026-06-11 13:30:04 | DEBUG    | src.agents                     |   MC ep 3440  MAE=6.7168
2026-06-11 13:30:04 | DEBUG    | src.agents                     |   MC ep 3450  MAE=6.7168
2026-06-11 13:30:04 | DEBUG    | src.agents                     |   MC ep 3460  MAE=6.7168
2026-06-11 13:30:04 | DEBUG    | src.agents                     |   MC ep 3470  MAE=6.7167
2026-06-11 13:30:04 | DEBUG    | src.agents                     |   MC ep 3480  MAE=6.7167
2026-06-11 13:30:04 | DEBUG    | src.agents                     |   MC ep 3490  MAE=6.7168
2026-06-11 13:30:04 | DEBUG    | src.agents                     |   MC ep 3500  MAE=6.7168
2026-06-11 13:30:04 | DEBUG    | src.agents                     |   MC ep 3510  MAE=6.7167
2026-06-11 13:30:04 | DEBUG    | src.agents                     |   MC ep 3520  MAE=6.7167
2026-06-11 13:30:04 | DEBUG    | src.agents                     |   MC ep 3530  MAE=6.7167
2026-06-11 13:30:04 | DEBUG    | src.agents                     |   MC ep 3540  MAE=6.7167
2026-06-11 13:30:04 | DEBUG    | src.agents                     |   MC ep 3550  MAE=6.7167
2026-06-11 13:30:04 | DEBUG    | src.agents                     |   MC ep 3560  MAE=6.7166
2026-06-11 13:30:04 | DEBUG    | src.agents                     |   MC ep 3570  MAE=6.7166
2026-06-11 13:30:04 | DEBUG    | src.agents                     |   MC ep 3580  MAE=6.7166
2026-06-11 13:30:04 | DEBUG    | src.agents                     |   MC ep 3590  MAE=6.7166
2026-06-11 13:30:04 | DEBUG    | src.agents                     |   MC ep 3600  MAE=6.7166
2026-06-11 13:30:04 | DEBUG    | src.agents                     |   MC ep 3610  MAE=6.7166
2026-06-11 13:30:04 | DEBUG    | src.agents                     |   MC ep 3620  MAE=6.7167
2026-06-11 13:30:04 | DEBUG    | src.agents                     |   MC ep 3630  MAE=6.7167
2026-06-11 13:30:04 | DEBUG    | src.agents                     |   MC ep 3640  MAE=6.7167
2026-06-11 13:30:04 | DEBUG    | src.agents                     |   MC ep 3650  MAE=6.7167
2026-06-11 13:30:04 | DEBUG    | src.agents                     |   MC ep 3660  MAE=6.7167
2026-06-11 13:30:04 | DEBUG    | src.agents                     |   MC ep 3670  MAE=6.7166
2026-06-11 13:30:04 | DEBUG    | src.agents                     |   MC ep 3680  MAE=6.7166
2026-06-11 13:30:04 | DEBUG    | src.agents                     |   MC ep 3690  MAE=6.7167
2026-06-11 13:30:04 | DEBUG    | src.agents                     |   MC ep 3700  MAE=6.7167
2026-06-11 13:30:04 | DEBUG    | src.agents                     |   MC ep 3710  MAE=6.7166
2026-06-11 13:30:04 | DEBUG    | src.agents                     |   MC ep 3720  MAE=6.7165
2026-06-11 13:30:04 | DEBUG    | src.agents                     |   MC ep 3730  MAE=6.7165
2026-06-11 13:30:04 | DEBUG    | src.agents                     |   MC ep 3740  MAE=6.7165
2026-06-11 13:30:04 | DEBUG    | src.agents                     |   MC ep 3750  MAE=6.7165
2026-06-11 13:30:04 | DEBUG    | src.agents                     |   MC ep 3760  MAE=6.7166
2026-06-11 13:30:04 | DEBUG    | src.agents                     |   MC ep 3770  MAE=6.7166
2026-06-11 13:30:04 | DEBUG    | src.agents                     |   MC ep 3780  MAE=6.7166
2026-06-11 13:30:04 | DEBUG    | src.agents                     |   MC ep 3790  MAE=6.7166
2026-06-11 13:30:04 | DEBUG    | src.agents                     |   MC ep 3800  MAE=6.7165
2026-06-11 13:30:04 | DEBUG    | src.agents                     |   MC ep 3810  MAE=6.7165
2026-06-11 13:30:04 | DEBUG    | src.agents                     |   MC ep 3820  MAE=6.7167
2026-06-11 13:30:04 | DEBUG    | src.agents                     |   MC ep 3830  MAE=6.7167
2026-06-11 13:30:04 | DEBUG    | src.agents                     |   MC ep 3840  MAE=6.7166
2026-06-11 13:30:04 | DEBUG    | src.agents                     |   MC ep 3850  MAE=6.7166
2026-06-11 13:30:04 | DEBUG    | src.agents                     |   MC ep 3860  MAE=6.7166
2026-06-11 13:30:04 | DEBUG    | src.agents                     |   MC ep 3870  MAE=6.7166
2026-06-11 13:30:04 | DEBUG    | src.agents                     |   MC ep 3880  MAE=6.7166
2026-06-11 13:30:04 | DEBUG    | src.agents                     |   MC ep 3890  MAE=6.7166
2026-06-11 13:30:04 | DEBUG    | src.agents                     |   MC ep 3900  MAE=6.7166
2026-06-11 13:30:04 | DEBUG    | src.agents                     |   MC ep 3910  MAE=6.7166
2026-06-11 13:30:04 | DEBUG    | src.agents                     |   MC ep 3920  MAE=6.7163
2026-06-11 13:30:04 | DEBUG    | src.agents                     |   MC ep 3930  MAE=6.7163
2026-06-11 13:30:04 | DEBUG    | src.agents                     |   MC ep 3940  MAE=6.7164
2026-06-11 13:30:04 | DEBUG    | src.agents                     |   MC ep 3950  MAE=6.7164
2026-06-11 13:30:04 | DEBUG    | src.agents                     |   MC ep 3960  MAE=6.7164
2026-06-11 13:30:04 | DEBUG    | src.agents                     |   MC ep 3970  MAE=6.7164
2026-06-11 13:30:04 | DEBUG    | src.agents                     |   MC ep 3980  MAE=6.7164
2026-06-11 13:30:04 | DEBUG    | src.agents                     |   MC ep 3990  MAE=6.7163
2026-06-11 13:30:04 | DEBUG    | src.agents                     |   MC ep 4000  MAE=6.7164
2026-06-11 13:30:04 | DEBUG    | src.agents                     |   MC ep 4010  MAE=6.7164
2026-06-11 13:30:04 | DEBUG    | src.agents                     |   MC ep 4020  MAE=6.7164
2026-06-11 13:30:04 | DEBUG    | src.agents                     |   MC ep 4030  MAE=6.7163
2026-06-11 13:30:04 | DEBUG    | src.agents                     |   MC ep 4040  MAE=6.7163
2026-06-11 13:30:04 | DEBUG    | src.agents                     |   MC ep 4050  MAE=6.7163
2026-06-11 13:30:04 | DEBUG    | src.agents                     |   MC ep 4060  MAE=6.7163
2026-06-11 13:30:04 | DEBUG    | src.agents                     |   MC ep 4070  MAE=6.7163
2026-06-11 13:30:04 | DEBUG    | src.agents                     |   MC ep 4080  MAE=6.7163
2026-06-11 13:30:04 | DEBUG    | src.agents                     |   MC ep 4090  MAE=6.7162
2026-06-11 13:30:04 | DEBUG    | src.agents                     |   MC ep 4100  MAE=6.7162
2026-06-11 13:30:04 | DEBUG    | src.agents                     |   MC ep 4110  MAE=6.7162
2026-06-11 13:30:04 | DEBUG    | src.agents                     |   MC ep 4120  MAE=6.7162
2026-06-11 13:30:04 | DEBUG    | src.agents                     |   MC ep 4130  MAE=6.7162
2026-06-11 13:30:04 | DEBUG    | src.agents                     |   MC ep 4140  MAE=6.7161
2026-06-11 13:30:04 | DEBUG    | src.agents                     |   MC ep 4150  MAE=6.7161
2026-06-11 13:30:04 | DEBUG    | src.agents                     |   MC ep 4160  MAE=6.7161
2026-06-11 13:30:04 | DEBUG    | src.agents                     |   MC ep 4170  MAE=6.7162
2026-06-11 13:30:04 | DEBUG    | src.agents                     |   MC ep 4180  MAE=6.7162
2026-06-11 13:30:04 | DEBUG    | src.agents                     |   MC ep 4190  MAE=6.7162
2026-06-11 13:30:04 | DEBUG    | src.agents                     |   MC ep 4200  MAE=6.7162
2026-06-11 13:30:04 | DEBUG    | src.agents                     |   MC ep 4210  MAE=6.7163
2026-06-11 13:30:04 | DEBUG    | src.agents                     |   MC ep 4220  MAE=6.7164
2026-06-11 13:30:04 | DEBUG    | src.agents                     |   MC ep 4230  MAE=6.7163
2026-06-11 13:30:04 | DEBUG    | src.agents                     |   MC ep 4240  MAE=6.7163
2026-06-11 13:30:04 | DEBUG    | src.agents                     |   MC ep 4250  MAE=6.7163
2026-06-11 13:30:04 | DEBUG    | src.agents                     |   MC ep 4260  MAE=6.7163
2026-06-11 13:30:04 | DEBUG    | src.agents                     |   MC ep 4270  MAE=6.7163
2026-06-11 13:30:04 | DEBUG    | src.agents                     |   MC ep 4280  MAE=6.7163
2026-06-11 13:30:04 | DEBUG    | src.agents                     |   MC ep 4290  MAE=6.7163
2026-06-11 13:30:04 | DEBUG    | src.agents                     |   MC ep 4300  MAE=6.7162
2026-06-11 13:30:04 | DEBUG    | src.agents                     |   MC ep 4310  MAE=6.7162
2026-06-11 13:30:04 | DEBUG    | src.agents                     |   MC ep 4320  MAE=6.7162
2026-06-11 13:30:04 | DEBUG    | src.agents                     |   MC ep 4330  MAE=6.7162
2026-06-11 13:30:04 | DEBUG    | src.agents                     |   MC ep 4340  MAE=6.7162
2026-06-11 13:30:04 | DEBUG    | src.agents                     |   MC ep 4350  MAE=6.7162
2026-06-11 13:30:04 | DEBUG    | src.agents                     |   MC ep 4360  MAE=6.7162
2026-06-11 13:30:04 | DEBUG    | src.agents                     |   MC ep 4370  MAE=6.7162
2026-06-11 13:30:04 | DEBUG    | src.agents                     |   MC ep 4380  MAE=6.7163
2026-06-11 13:30:04 | DEBUG    | src.agents                     |   MC ep 4390  MAE=6.7163
2026-06-11 13:30:04 | DEBUG    | src.agents                     |   MC ep 4400  MAE=6.7163
2026-06-11 13:30:04 | DEBUG    | src.agents                     |   MC ep 4410  MAE=6.7163
2026-06-11 13:30:04 | DEBUG    | src.agents                     |   MC ep 4420  MAE=6.7163
2026-06-11 13:30:04 | DEBUG    | src.agents                     |   MC ep 4430  MAE=6.7163
2026-06-11 13:30:04 | DEBUG    | src.agents                     |   MC ep 4440  MAE=6.7163
2026-06-11 13:30:04 | DEBUG    | src.agents                     |   MC ep 4450  MAE=6.7163
2026-06-11 13:30:04 | DEBUG    | src.agents                     |   MC ep 4460  MAE=6.7163
2026-06-11 13:30:04 | DEBUG    | src.agents                     |   MC ep 4470  MAE=6.7163
2026-06-11 13:30:04 | DEBUG    | src.agents                     |   MC ep 4480  MAE=6.7162
2026-06-11 13:30:04 | DEBUG    | src.agents                     |   MC ep 4490  MAE=6.7162
2026-06-11 13:30:04 | DEBUG    | src.agents                     |   MC ep 4500  MAE=6.7162
2026-06-11 13:30:04 | DEBUG    | src.agents                     |   MC ep 4510  MAE=6.7162
2026-06-11 13:30:04 | DEBUG    | src.agents                     |   MC ep 4520  MAE=6.7162
2026-06-11 13:30:04 | DEBUG    | src.agents                     |   MC ep 4530  MAE=6.7163
2026-06-11 13:30:04 | DEBUG    | src.agents                     |   MC ep 4540  MAE=6.7163
2026-06-11 13:30:04 | DEBUG    | src.agents                     |   MC ep 4550  MAE=6.7162
2026-06-11 13:30:04 | DEBUG    | src.agents                     |   MC ep 4560  MAE=6.7162
2026-06-11 13:30:04 | DEBUG    | src.agents                     |   MC ep 4570  MAE=6.7162
2026-06-11 13:30:04 | DEBUG    | src.agents                     |   MC ep 4580  MAE=6.7162
2026-06-11 13:30:04 | DEBUG    | src.agents                     |   MC ep 4590  MAE=6.7162
2026-06-11 13:30:04 | DEBUG    | src.agents                     |   MC ep 4600  MAE=6.7163
2026-06-11 13:30:04 | DEBUG    | src.agents                     |   MC ep 4610  MAE=6.7163
2026-06-11 13:30:04 | DEBUG    | src.agents                     |   MC ep 4620  MAE=6.7162
2026-06-11 13:30:04 | DEBUG    | src.agents                     |   MC ep 4630  MAE=6.7163
2026-06-11 13:30:04 | DEBUG    | src.agents                     |   MC ep 4640  MAE=6.7163
2026-06-11 13:30:04 | DEBUG    | src.agents                     |   MC ep 4650  MAE=6.7163
2026-06-11 13:30:04 | DEBUG    | src.agents                     |   MC ep 4660  MAE=6.7163
2026-06-11 13:30:04 | DEBUG    | src.agents                     |   MC ep 4670  MAE=6.7163
2026-06-11 13:30:04 | DEBUG    | src.agents                     |   MC ep 4680  MAE=6.7163
2026-06-11 13:30:04 | DEBUG    | src.agents                     |   MC ep 4690  MAE=6.7164
2026-06-11 13:30:04 | DEBUG    | src.agents                     |   MC ep 4700  MAE=6.7164
2026-06-11 13:30:04 | DEBUG    | src.agents                     |   MC ep 4710  MAE=6.7164
2026-06-11 13:30:04 | DEBUG    | src.agents                     |   MC ep 4720  MAE=6.7164
2026-06-11 13:30:04 | DEBUG    | src.agents                     |   MC ep 4730  MAE=6.7167
2026-06-11 13:30:04 | DEBUG    | src.agents                     |   MC ep 4740  MAE=6.7167
2026-06-11 13:30:04 | DEBUG    | src.agents                     |   MC ep 4750  MAE=6.7166
2026-06-11 13:30:04 | DEBUG    | src.agents                     |   MC ep 4760  MAE=6.7187
2026-06-11 13:30:04 | DEBUG    | src.agents                     |   MC ep 4770  MAE=6.7187
2026-06-11 13:30:04 | DEBUG    | src.agents                     |   MC ep 4780  MAE=6.7187
2026-06-11 13:30:04 | DEBUG    | src.agents                     |   MC ep 4790  MAE=6.7187
2026-06-11 13:30:04 | DEBUG    | src.agents                     |   MC ep 4800  MAE=6.7186
2026-06-11 13:30:04 | DEBUG    | src.agents                     |   MC ep 4810  MAE=6.7186
2026-06-11 13:30:04 | DEBUG    | src.agents                     |   MC ep 4820  MAE=6.7186
2026-06-11 13:30:04 | DEBUG    | src.agents                     |   MC ep 4830  MAE=6.7186
2026-06-11 13:30:04 | DEBUG    | src.agents                     |   MC ep 4840  MAE=6.7186
2026-06-11 13:30:04 | DEBUG    | src.agents                     |   MC ep 4850  MAE=6.7186
2026-06-11 13:30:04 | DEBUG    | src.agents                     |   MC ep 4860  MAE=6.7171
2026-06-11 13:30:04 | DEBUG    | src.agents                     |   MC ep 4870  MAE=6.7171
2026-06-11 13:30:04 | DEBUG    | src.agents                     |   MC ep 4880  MAE=6.7171
2026-06-11 13:30:04 | DEBUG    | src.agents                     |   MC ep 4890  MAE=6.7171
2026-06-11 13:30:04 | DEBUG    | src.agents                     |   MC ep 4900  MAE=6.7171
2026-06-11 13:30:04 | DEBUG    | src.agents                     |   MC ep 4910  MAE=6.7171
2026-06-11 13:30:04 | DEBUG    | src.agents                     |   MC ep 4920  MAE=6.7172
2026-06-11 13:30:04 | DEBUG    | src.agents                     |   MC ep 4930  MAE=6.7172
2026-06-11 13:30:04 | DEBUG    | src.agents                     |   MC ep 4940  MAE=6.7172
2026-06-11 13:30:04 | DEBUG    | src.agents                     |   MC ep 4950  MAE=6.7172
2026-06-11 13:30:04 | DEBUG    | src.agents                     |   MC ep 4960  MAE=6.7172
2026-06-11 13:30:04 | DEBUG    | src.agents                     |   MC ep 4970  MAE=6.7172
2026-06-11 13:30:04 | DEBUG    | src.agents                     |   MC ep 4980  MAE=6.7171
2026-06-11 13:30:04 | DEBUG    | src.agents                     |   MC ep 4990  MAE=6.7176
2026-06-11 13:30:04 | INFO     | src.agents                     | MonteCarloAgent.train() done: time=1353.9ms, final V(goal)=10.0
2026-06-11 13:30:04 | INFO     | Assignment1                    | [MC Agent] Results:
2026-06-11 13:30:04 | INFO     | Assignment1                    |   elapsed_ms           = 1353.901910
2026-06-11 13:30:04 | INFO     | Assignment1                    |   V_goal               = 10.000000
2026-06-11 13:30:04 | INFO     | Assignment1                    | ============================================================
2026-06-11 13:30:04 | INFO     | Assignment1                    | Execution completed at: 2026-06-11 13:30:04
2026-06-11 13:30:04 | INFO     | Assignment1                    | ============================================================
